Import <stdlib.h>
Foreign Struct div_t
  i32 quot
  i32 rem
Foreign Struct ldiv_t
  i32 quot
  i32 rem
Foreign Func div_t div(i32 numer, i32 denom)
Foreign Func ldiv_t ldiv(i32 numer, i32 denom)
Foreign Const i32 EXIT_SUCCESS
  Int 0
Foreign Const i32 EXIT_FAILURE
  Int 1
Foreign Struct Tint
  u8 r
  u8 g
  u8 b
  u8 a
Foreign Const Tint GOLD
  StructLit Tint
    Int 255
    Int 203
    Int 0
    Int 255
Foreign Const <none> MAX_ITEMS
  Int 64
Foreign Const float GRAVITY
  Float 9.81
Foreign Const string NAME
  String "strata"
Func int brighter(Tint c)
  Block
    Return
      Binary +
        Cast int
          Field .g
            Name c
        Int 10
Main
  Var div_t q
    =
      Call
        callee:
          Name div
        args:
          Int 17
          Int 5
  ExprStmt
    Call
      callee:
        Name print
      args:
        Field .quot
          Name q
  ExprStmt
    Call
      callee:
        Name print
      args:
        Field .rem
          Name q
  Var ldiv_t r
    =
      Call
        callee:
          Name ldiv
        args:
          Unary -
            Int 17
          Int 5
  ExprStmt
    Call
      callee:
        Name print
      args:
        Field .quot
          Name r
  ExprStmt
    Call
      callee:
        Name print
      args:
        Field .rem
          Name r
  ExprStmt
    Call
      callee:
        Name print
      args:
        Binary -
          Name EXIT_FAILURE
          Name EXIT_SUCCESS
  Var Tint t
    =
      Name GOLD
  Assign =
    target:
      Field .a
        Name t
    value:
      Int 128
  ExprStmt
    Call
      callee:
        Name print
      args:
        Binary +
          Cast int
            Field .r
              Name t
          Cast int
            Field .g
              Name t
  ExprStmt
    Call
      callee:
        Name print
      args:
        Field .a
          Name t
  ExprStmt
    Call
      callee:
        Name print
      args:
        Field .a
          Name GOLD
  ExprStmt
    Call
      callee:
        Name print
      args:
        Sizeof Tint
  ExprStmt
    Call
      callee:
        Name print
      args:
        Binary *
          Name MAX_ITEMS
          Int 2
  ExprStmt
    Call
      callee:
        Name print
      args:
        Name GRAVITY
  ExprStmt
    Call
      callee:
        Name print
      args:
        Name NAME
  ExprStmt
    Call
      callee:
        Name print
      args:
        Call
          callee:
            Name brighter
          args:
            Name GOLD
